[www.photoroom.com/tools/background-remover.html]
[www.photoroom.com/favicons/apple-touch-icon.png]
[www.photoroom.com/favicons/favicon-32x32.png]
[backblue.gif]
[fade.gif]
[index.html]
[www.photoroom.com/favicons/favicon-16x16.png]
[a.storyblok.com/f/191576/1200x630/cca1fada1e/background-remover.png]
[www.photoroom.com/_next/static/chunks/polyfills-c67a75d1b6f99dc8.js]
[www.photoroom.com/_next/static/chunks/webpack-ac94ffebdd8cd297.js]
[www.photoroom.com/_next/static/chunks/main-db65a3f512dfc1a2.js]
[www.photoroom.com/_next/static/chunks/app-vendors-3c38f326f785b546.js]
[www.photoroom.com/_next/static/chunks/pages/_app-ae4763ef2b739e88.js]
[www.photoroom.com/_next/static/chunks/25581-274c3ec7effa4ef4.js]
[www.photoroom.com/_next/static/chunks/pages/[[...slug]]-37878d37e2601e2d.js]
[www.photoroom.com/_next/static/X9ije0YvpxqxCQApS9pkz/_buildManifest.js]
[www.photoroom.com/_next/static/X9ije0YvpxqxCQApS9pkz/_ssgManifest.js]
[www.photoroom.com/_next/static/css/3b48d158068fea61.css]
[www.photoroom.com/tools/instant-backgrounds.html]
[www.photoroom.com/tools/remove-object-from-photo.html]
[www.photoroom.com/tools/blur-background.html]
[www.photoroom.com/tools/instant-shadows.html]
[www.photoroom.com/tools/white-background.html]
[www.photoroom.com/tools/add-text-photo.html]
[www.photoroom.com/tools/change-background-color.html]
[www.photoroom.com/tools/outline-pictures.html]
[www.photoroom.com/tools/bulk-resize-images.html]
[www.photoroom.com/tools/change-color-image.html]
[www.photoroom.com/tools/round-profile-picture.html]
[www.photoroom.com/tools/batch-mode.html]
[www.photoroom.com/tools/background-remover.html]
[www.photoroom.com/_next/static/css/3b48d158068fea61.css]
[www.photoroom.com/tools/transparent-background.html]
[a.storyblok.com/f/191576/2400x1260/7cc34ba82b/instant-backgrounds-1.png]
[www.photoroom.com/tools/instant-backgrounds.html]
[www.photoroom.com/tools/image-resizer.html]
[a.storyblok.com/f/191576/1200x630/9496188475/magic-retouch.png]
[www.photoroom.com/tools/remove-object-from-photo.html]
[a.storyblok.com/f/191576/1200x614/ac3df0997f/blur-background-og-image.png]
[a.storyblok.com/f/191576/1000x667/7930e63fa1/hero-slider-before.jpg]
[a.storyblok.com/f/191576/1000x667/7d49efe683/hero-slider-after.png]
[a.storyblok.com/f/191576/1000x1000/a9a037bbf8/focus-slider-before.png]
[a.storyblok.com/f/191576/1000x1000/2bfe2d87bb/focus-slider-after.png]
[www.photoroom.com/tools/blur-background.html]
[www.photoroom.com/tools/instant-shadows.html]
[www.photoroom.com/tools/add-background.html]
[www.photoroom.com/tools/background-remover/green-background.html]
[www.photoroom.com/tools/background-remover/pink-background.html]
[www.photoroom.com/tools/white-background.html]
[a.storyblok.com/f/191576/1200x630/065ee56309/black-background-og-image.png]
[www.photoroom.com/tools/black-background.html]
[a.storyblok.com/f/191576/1752x1167/7622e061d9/before-add-text-image.jpg]
[www.photoroom.com/tools/add-text-photo.html]
[www.photoroom.com/tools/background-remover/blue-background.html]
[www.photoroom.com/tools/background-remover/purple-background.html]
[www.photoroom.com/tools/background-remover/grey-background.html]
[www.photoroom.com/tools/background-remover/brown-background.html]
[www.photoroom.com/tools/background-remover/yellow-background.html]
[www.photoroom.com/tools/change-background-color.html]
[www.photoroom.com/tools/background-remover/red-background.html]
[a.storyblok.com/f/191576/1200x800/d7a7fd3a95/outline_image_before_-photoroom.jpg]
[www.photoroom.com/tools/photo-enhancer.html]
[www.photoroom.com/tools/outline-pictures.html]
[www.photoroom.com/tools/bulk-resize-images.html]
[www.photoroom.com/tools/add-stickers-to-photo.html]
[www.photoroom.com/tools/motion-blur-effect.html]
[www.photoroom.com/tools/change-color-image.html]
[www.photoroom.com/tools/round-profile-picture.html]
[www.photoroom.com/tools/signature-maker.html]
[www.photoroom.com/tools/batch-mode.html]
[www.photoroom.com/tools/transparent-background.html]
[www.photoroom.com/tools/resize-for-instagram.html]
[a.storyblok.com/f/191576/1800x1200/1720176131/resize-before.png]
[a.storyblok.com/f/191576/1800x1200/192bd53c15/resize-after.png]
[www.photoroom.com/tools/image-resizer.html]
[www.photoroom.com/tools/background-remover/index.html]
[a.storyblok.com/f/191576/1200x800/b5a18b1d3c/instant-shadows-after.png]
[www.photoroom.com/tools/add-background.html]
[a.storyblok.com/f/191576/1200x630/57b65740f4/green-background.png]
[www.photoroom.com/tools/background-remover/green-background.html]
[a.storyblok.com/f/191576/1200x630/0c6901acb4/pink-background-og-image.png]
[www.photoroom.com/tools/background-remover/pink-background.html]
[www.photoroom.com/tools/black-background.html]
[www.photoroom.com/tools/background-remover/dark-blue-background.html]
[a.storyblok.com/f/191576/1200x630/50d6a53926/blue-background-og-image.png]
[www.photoroom.com/tools/background-remover/blue-background.html]
[a.storyblok.com/f/191576/1200x630/3c45e404dd/purple-background-og-image.png]
[www.photoroom.com/tools/background-remover/purple-background.html]
[a.storyblok.com/f/191576/1200x630/dc5de3b6cb/grey-background.jpg]
[www.photoroom.com/tools/background-remover/grey-background.html]
[a.storyblok.com/f/191576/1200x630/8010fbcc53/brown-background.jpg]
[www.photoroom.com/tools/background-remover/brown-background.html]
[www.photoroom.com/tools/background-remover/yellow-background.html]
[a.storyblok.com/f/191576/1200x630/0f97a83d0f/red-background.png]
[www.photoroom.com/tools/background-remover/red-background.html]
[www.photoroom.com/tools/photo-enhancer.html]
[www.photoroom.com/tools/add-stickers-to-photo.html]
[www.photoroom.com/tools/motion-blur-effect.html]
[www.photoroom.com/tools/signature-maker.html]
[www.photoroom.com/tools/resize-for-instagram.html]
[a.storyblok.com/f/191576/1200x630/27600aa2f7/dark-blue-background.jpg]
[www.photoroom.com/tools/background-remover/dark-blue-background.html]
